// Jest Snapshot v1, https://goo.gl/fbAQLP

exports[`测试 conf1 对象 1`] = `
Object {
  "port": 8081,
  "server": "http://localhost",
}
`;
